Archive member included to satisfy reference by file (symbol)

C:/ST/STM32CubeIDE_2.1.1/STM32CubeIDE/plugins/com.st.stm32cube.ide.mcu.externaltools.gnu-tools-for-stm32.14.3.rel1.win32_1.0.100.202602081740/tools/bin/../lib/gcc/arm-none-eabi/14.3.1/../../../../arm-none-eabi/lib/thumb/v7e-m+fp/hard\libc_nano.a(libc_a-exit.o)
                              C:/ST/STM32CubeIDE_2.1.1/STM32CubeIDE/plugins/com.st.stm32cube.ide.mcu.externaltools.gnu-tools-for-stm32.14.3.rel1.win32_1.0.100.202602081740/tools/bin/../lib/gcc/arm-none-eabi/14.3.1/../../../../arm-none-eabi/lib/thumb/v7e-m+fp/hard/crt0.o (exit)
C:/ST/STM32CubeIDE_2.1.1/STM32CubeIDE/plugins/com.st.stm32cube.ide.mcu.externaltools.gnu-tools-for-stm32.14.3.rel1.win32_1.0.100.202602081740/tools/bin/../lib/gcc/arm-none-eabi/14.3.1/../../../../arm-none-eabi/lib/thumb/v7e-m+fp/hard\libc_nano.a(libc_a-findfp.o)
                              C:/ST/STM32CubeIDE_2.1.1/STM32CubeIDE/plugins/com.st.stm32cube.ide.mcu.externaltools.gnu-tools-for-stm32.14.3.rel1.win32_1.0.100.202602081740/tools/bin/../lib/gcc/arm-none-eabi/14.3.1/../../../../arm-none-eabi/lib/thumb/v7e-m+fp/hard\libc_nano.a(libc_a-exit.o) (__stdio_exit_handler)
C:/ST/STM32CubeIDE_2.1.1/STM32CubeIDE/plugins/com.st.stm32cube.ide.mcu.externaltools.gnu-tools-for-stm32.14.3.rel1.win32_1.0.100.202602081740/tools/bin/../lib/gcc/arm-none-eabi/14.3.1/../../../../arm-none-eabi/lib/thumb/v7e-m+fp/hard\libc_nano.a(libc_a-fwalk.o)
                              C:/ST/STM32CubeIDE_2.1.1/STM32CubeIDE/plugins/com.st.stm32cube.ide.mcu.externaltools.gnu-tools-for-stm32.14.3.rel1.win32_1.0.100.202602081740/tools/bin/../lib/gcc/arm-none-eabi/14.3.1/../../../../arm-none-eabi/lib/thumb/v7e-m+fp/hard\libc_nano.a(libc_a-findfp.o) (_fwalk_sglue)
C:/ST/STM32CubeIDE_2.1.1/STM32CubeIDE/plugins/com.st.stm32cube.ide.mcu.externaltools.gnu-tools-for-stm32.14.3.rel1.win32_1.0.100.202602081740/tools/bin/../lib/gcc/arm-none-eabi/14.3.1/../../../../arm-none-eabi/lib/thumb/v7e-m+fp/hard\libc_nano.a(libc_a-snprintf.o)
                              ./Application/User/Core/ssd1306_tests.o (snprintf)
C:/ST/STM32CubeIDE_2.1.1/STM32CubeIDE/plugins/com.st.stm32cube.ide.mcu.externaltools.gnu-tools-for-stm32.14.3.rel1.win32_1.0.100.202602081740/tools/bin/../lib/gcc/arm-none-eabi/14.3.1/../../../../arm-none-eabi/lib/thumb/v7e-m+fp/hard\libc_nano.a(libc_a-stdio.o)
                              C:/ST/STM32CubeIDE_2.1.1/STM32CubeIDE/plugins/com.st.stm32cube.ide.mcu.externaltools.gnu-tools-for-stm32.14.3.rel1.win32_1.0.100.202602081740/tools/bin/../lib/gcc/arm-none-eabi/14.3.1/../../../../arm-none-eabi/lib/thumb/v7e-m+fp/hard\libc_nano.a(libc_a-findfp.o) (__sread)
C:/ST/STM32CubeIDE_2.1.1/STM32CubeIDE/plugins/com.st.stm32cube.ide.mcu.externaltools.gnu-tools-for-stm32.14.3.rel1.win32_1.0.100.202602081740/tools/bin/../lib/gcc/arm-none-eabi/14.3.1/../../../../arm-none-eabi/lib/thumb/v7e-m+fp/hard\libc_nano.a(libc_a-memmove.o)
                              ./Application/User/Core/ssd1306_tests.o (memmove)
C:/ST/STM32CubeIDE_2.1.1/STM32CubeIDE/plugins/com.st.stm32cube.ide.mcu.externaltools.gnu-tools-for-stm32.14.3.rel1.win32_1.0.100.202602081740/tools/bin/../lib/gcc/arm-none-eabi/14.3.1/../../../../arm-none-eabi/lib/thumb/v7e-m+fp/hard\libc_nano.a(libc_a-memset.o)
                              C:/ST/STM32CubeIDE_2.1.1/STM32CubeIDE/plugins/com.st.stm32cube.ide.mcu.externaltools.gnu-tools-for-stm32.14.3.rel1.win32_1.0.100.202602081740/tools/bin/../lib/gcc/arm-none-eabi/14.3.1/../../../../arm-none-eabi/lib/thumb/v7e-m+fp/hard/crt0.o (memset)
C:/ST/STM32CubeIDE_2.1.1/STM32CubeIDE/plugins/com.st.stm32cube.ide.mcu.externaltools.gnu-tools-for-stm32.14.3.rel1.win32_1.0.100.202602081740/tools/bin/../lib/gcc/arm-none-eabi/14.3.1/../../../../arm-none-eabi/lib/thumb/v7e-m+fp/hard\libc_nano.a(libc_a-closer.o)
                              C:/ST/STM32CubeIDE_2.1.1/STM32CubeIDE/plugins/com.st.stm32cube.ide.mcu.externaltools.gnu-tools-for-stm32.14.3.rel1.win32_1.0.100.202602081740/tools/bin/../lib/gcc/arm-none-eabi/14.3.1/../../../../arm-none-eabi/lib/thumb/v7e-m+fp/hard\libc_nano.a(libc_a-stdio.o) (_close_r)
C:/ST/STM32CubeIDE_2.1.1/STM32CubeIDE/plugins/com.st.stm32cube.ide.mcu.externaltools.gnu-tools-for-stm32.14.3.rel1.win32_1.0.100.202602081740/tools/bin/../lib/gcc/arm-none-eabi/14.3.1/../../../../arm-none-eabi/lib/thumb/v7e-m+fp/hard\libc_nano.a(libc_a-reent.o)
                              C:/ST/STM32CubeIDE_2.1.1/STM32CubeIDE/plugins/com.st.stm32cube.ide.mcu.externaltools.gnu-tools-for-stm32.14.3.rel1.win32_1.0.100.202602081740/tools/bin/../lib/gcc/arm-none-eabi/14.3.1/../../../../arm-none-eabi/lib/thumb/v7e-m+fp/hard\libc_nano.a(libc_a-closer.o) (errno)
C:/ST/STM32CubeIDE_2.1.1/STM32CubeIDE/plugins/com.st.stm32cube.ide.mcu.externaltools.gnu-tools-for-stm32.14.3.rel1.win32_1.0.100.202602081740/tools/bin/../lib/gcc/arm-none-eabi/14.3.1/../../../../arm-none-eabi/lib/thumb/v7e-m+fp/hard\libc_nano.a(libc_a-impure.o)
[...]
Memory Configuration

Name             Origin             Length             Attributes
RAM              0x20000000         0x00020000         xrw
FLASH            0x08000000         0x00080000         xr
*default*        0x00000000         0xffffffff

Linker script and memory map

LOAD C:/ST/STM32CubeIDE_2.1.1/STM32CubeIDE/plugins/com.st.stm32cube.ide.mcu.externaltools.gnu-tools-for-stm32.14.3.rel1.win32_1.0.100.202602081740/tools/bin/../lib/gcc/arm-none-eabi/14.3.1/thumb/v7e-m+fp/hard/crti.o
LOAD C:/ST/STM32CubeIDE_2.1.1/STM32CubeIDE/plugins/com.st.stm32cube.ide.mcu.externaltools.gnu-tools-for-stm32.14.3.rel1.win32_1.0.100.202602081740/tools/bin/../lib/gcc/arm-none-eabi/14.3.1/thumb/v7e-m+fp/hard/crtbegin.o
LOAD C:/ST/STM32CubeIDE_2.1.1/STM32CubeIDE/plugins/com.st.stm32cube.ide.mcu.externaltools.gnu-tools-for-stm32.14.3.rel1.win32_1.0.100.202602081740/tools/bin/../lib/gcc/arm-none-eabi/14.3.1/../../../../arm-none-eabi/lib/thumb/v7e-m+fp/hard/crt0.o
LOAD ./Application/User/Core/main.o
LOAD ./Application/User/Core/ssd1306.o
LOAD ./Application/User/Core/ssd1306_fonts.o
LOAD ./Application/User/Core/ssd1306_tests.o
LOAD ./Application/User/Core/stm32f4xx_hal_msp.o
LOAD ./Application/User/Core/stm32f4xx_it.o
LOAD ./Application/User/Core/syscalls.o
LOAD ./Application/User/Core/sysmem.o
LOAD ./Application/User/Startup/startup_stm32f446retx.o
LOAD ./Drivers/CMSIS/system_stm32f4xx.o
LOAD ./Drivers/STM32F4xx_HAL_Driver/stm32f4xx_hal.o
LOAD ./Drivers/STM32F4xx_HAL_Driver/stm32f4xx_hal_adc.o
LOAD ./Drivers/STM32F4xx_HAL_Driver/stm32f4xx_hal_adc_ex.o
LOAD ./Drivers/STM32F4xx_HAL_Driver/stm32f4xx_hal_cortex.o
LOAD ./Drivers/STM32F4xx_HAL_Driver/stm32f4xx_hal_dma.o
LOAD ./Drivers/STM32F4xx_HAL_Driver/stm32f4xx_hal_dma_ex.o
LOAD ./Drivers/STM32F4xx_HAL_Driver/stm32f4xx_hal_exti.o
LOAD ./Drivers/STM32F4xx_HAL_Driver/stm32f4xx_hal_flash.o
LOAD ./Drivers/STM32F4xx_HAL_Driver/stm32f4xx_hal_flash_ex.o
LOAD ./Drivers/STM32F4xx_HAL_Driver/stm32f4xx_hal_flash_ramfunc.o
LOAD ./Drivers/STM32F4xx_HAL_Driver/stm32f4xx_hal_gpio.o
LOAD ./Drivers/STM32F4xx_HAL_Driver/stm32f4xx_hal_i2c.o
LOAD ./Drivers/STM32F4xx_HAL_Driver/stm32f4xx_hal_i2c_ex.o
LOAD ./Drivers/STM32F4xx_HAL_Driver/stm32f4xx_hal_pwr.o
LOAD ./Drivers/STM32F4xx_HAL_Driver/stm32f4xx_hal_pwr_ex.o
LOAD ./Drivers/STM32F4xx_HAL_Driver/stm32f4xx_hal_rcc.o
LOAD ./Drivers/STM32F4xx_HAL_Driver/stm32f4xx_hal_rcc_ex.o
LOAD ./Drivers/STM32F4xx_HAL_Driver/stm32f4xx_hal_tim.o
LOAD ./Drivers/STM32F4xx_HAL_Driver/stm32f4xx_hal_tim_ex.o
LOAD ./Drivers/STM32F4xx_HAL_Driver/stm32f4xx_hal_uart.o
START GROUP
LOAD C:/ST/STM32CubeIDE_2.1.1/STM32CubeIDE/plugins/com.st.stm32cube.ide.mcu.externaltools.gnu-tools-for-stm32.14.3.rel1.win32_1.0.100.202602081740/tools/bin/../lib/gcc/arm-none-eabi/14.3.1/../../../../arm-none-eabi/lib/thumb/v7e-m+fp/hard\libc_nano.a
LOAD C:/ST/STM32CubeIDE_2.1.1/STM32CubeIDE/plugins/com.st.stm32cube.ide.mcu.externaltools.gnu-tools-for-stm32.14.3.rel1.win32_1.0.100.202602081740/tools/bin/../lib/gcc/arm-none-eabi/14.3.1/../../../../arm-none-eabi/lib/thumb/v7e-m+fp/hard\libm.a
END GROUP
START GROUP
LOAD C:/ST/STM32CubeIDE_2.1.1/STM32CubeIDE/plugins/com.st.stm32cube.ide.mcu.externaltools.gnu-tools-for-stm32.14.3.rel1.win32_1.0.100.202602081740/tools/bin/../lib/gcc/arm-none-eabi/14.3.1/thumb/v7e-m+fp/hard\libgcc.a
LOAD C:/ST/STM32CubeIDE_2.1.1/STM32CubeIDE/plugins/com.st.stm32cube.ide.mcu.externaltools.gnu-tools-for-stm32.14.3.rel1.win32_1.0.100.202602081740/tools/bin/../lib/gcc/arm-none-eabi/14.3.1/../../../../arm-none-eabi/lib/thumb/v7e-m+fp/hard\libc_nano.a
END GROUP
START GROUP
LOAD C:/ST/STM32CubeIDE_2.1.1/STM32CubeIDE/plugins/com.st.stm32cube.ide.mcu.externaltools.gnu-tools-for-stm32.14.3.rel1.win32_1.0.100.202602081740/tools/bin/../lib/gcc/arm-none-eabi/14.3.1/thumb/v7e-m+fp/hard\libgcc.a
LOAD C:/ST/STM32CubeIDE_2.1.1/STM32CubeIDE/plugins/com.st.stm32cube.ide.mcu.externaltools.gnu-tools-for-stm32.14.3.rel1.win32_1.0.100.202602081740/tools/bin/../lib/gcc/arm-none-eabi/14.3.1/../../../../arm-none-eabi/lib/thumb/v7e-m+fp/hard\libc_nano.a
LOAD C:/ST/STM32CubeIDE_2.1.1/STM32CubeIDE/plugins/com.st.stm32cube.ide.mcu.externaltools.gnu-tools-for-stm32.14.3.rel1.win32_1.0.100.202602081740/tools/bin/../lib/gcc/arm-none-eabi/14.3.1/../../../../arm-none-eabi/lib/thumb/v7e-m+fp/hard\libnosys.a
END GROUP
START GROUP
LOAD C:/ST/STM32CubeIDE_2.1.1/STM32CubeIDE/plugins/com.st.stm32cube.ide.mcu.externaltools.gnu-tools-for-stm32.14.3.rel1.win32_1.0.100.202602081740/tools/bin/../lib/gcc/arm-none-eabi/14.3.1/thumb/v7e-m+fp/hard\libgcc.a
LOAD C:/ST/STM32CubeIDE_2.1.1/STM32CubeIDE/plugins/com.st.stm32cube.ide.mcu.externaltools.gnu-tools-for-stm32.14.3.rel1.win32_1.0.100.202602081740/tools/bin/../lib/gcc/arm-none-eabi/14.3.1/../../../../arm-none-eabi/lib/thumb/v7e-m+fp/hard\libc_nano.a
LOAD C:/ST/STM32CubeIDE_2.1.1/STM32CubeIDE/plugins/com.st.stm32cube.ide.mcu.externaltools.gnu-tools-for-stm32.14.3.rel1.win32_1.0.100.202602081740/tools/bin/../lib/gcc/arm-none-eabi/14.3.1/../../../../arm-none-eabi/lib/thumb/v7e-m+fp/hard\libnosys.a
END GROUP
LOAD C:/ST/STM32CubeIDE_2.1.1/STM32CubeIDE/plugins/com.st.stm32cube.ide.mcu.externaltools.gnu-tools-for-stm32.14.3.rel1.win32_1.0.100.202602081740/tools/bin/../lib/gcc/arm-none-eabi/14.3.1/thumb/v7e-m+fp/hard/crtend.o
LOAD C:/ST/STM32CubeIDE_2.1.1/STM32CubeIDE/plugins/com.st.stm32cube.ide.mcu.externaltools.gnu-tools-for-stm32.14.3.rel1.win32_1.0.100.202602081740/tools/bin/../lib/gcc/arm-none-eabi/14.3.1/thumb/v7e-m+fp/hard/crtn.o
                0x20020000                        _estack = (ORIGIN (RAM) + LENGTH (RAM))
                0x00000200                        _Min_Heap_Size = 0x200
                0x00000400                        _Min_Stack_Size = 0x400

.isr_vector     0x08000000      0x1c4
                0x08000000                        . = ALIGN (0x4)
 *(.isr_vector)
 .isr_vector    0x08000000      0x1c4 ./Application/User/Startup/startup_stm32f446retx.o
                0x08000000                g_pfnVectors
                0x080001c4                        . = ALIGN (0x4)

.text           0x080001c4     0x497c
                0x080001c4                        . = ALIGN (0x4)
 *(.text)
 .text          0x080001c4       0x40 C:/ST/STM32CubeIDE_2.1.1/STM32CubeIDE/plugins/com.st.stm32cube.ide.mcu.externaltools.gnu-tools-for-stm32.14.3.rel1.win32_1.0.100.202602081740/tools/bin/../lib/gcc/arm-none-eabi/14.3.1/thumb/v7e-m+fp/hard/crtbegin.o
 .text          0x08000204       0x30 C:/ST/STM32CubeIDE_2.1.1/STM32CubeIDE/plugins/com.st.stm32cube.ide.mcu.externaltools.gnu-tools-for-stm32.14.3.rel1.win32_1.0.100.202602081740/tools/bin/../lib/gcc/arm-none-eabi/14.3.1/thumb/v7e-m+fp/hard\libgcc.a(_aeabi_uldivmod.o)
                0x08000204                __aeabi_uldivmod
 .text          0x08000234      0x2f8 C:/ST/STM32CubeIDE_2.1.1/STM32CubeIDE/plugins/com.st.stm32cube.ide.mcu.externaltools.gnu-tools-for-stm32.14.3.rel1.win32_1.0.100.202602081740/tools/bin/../lib/gcc/arm-none-eabi/14.3.1/thumb/v7e-m+fp/hard\libgcc.a(_udivmoddi4.o)
                0x08000234                __udivmoddi4
 .text          0x0800052c        0x4 C:/ST/STM32CubeIDE_2.1.1/STM32CubeIDE/plugins/com.st.stm32cube.ide.mcu.externaltools.gnu-tools-for-stm32.14.3.rel1.win32_1.0.100.202602081740/tools/bin/../lib/gcc/arm-none-eabi/14.3.1/thumb/v7e-m+fp/hard\libgcc.a(_dvmd_tls.o)
                0x0800052c                __aeabi_idiv0
                0x0800052c                __aeabi_ldiv0
 *(.text*)
 .text.main     0x08000530      0x134 ./Application/User/Core/main.o
                0x08000530                main
 .text.SystemClock_Config
                0x08000664       0xdc ./Application/User/Core/main.o
                0x08000664                SystemClock_Config
 .text.MX_ADC1_Init
                0x08000740       0xa4 ./Application/User/Core/main.o
 .text.MX_I2C1_Init
                0x080007e4       0x5c ./Application/User/Core/main.o
 .text.MX_TIM3_Init
                0x08000840       0x9c ./Application/User/Core/main.o
 .text.MX_USART2_UART_Init
                0x080008dc       0x54 ./Application/User/Core/main.o
 .text.MX_DMA_Init
                0x08000930       0x6c ./Application/User/Core/main.o
 .text.MX_GPIO_Init
                0x0800099c       0xdc ./Application/User/Core/main.o
 .text.Error_Handler
                0x08000a78        0xc ./Application/User/Core/main.o
                0x08000a78                Error_Handler
 .text.ssd1306_Reset
                0x08000a84        0xe ./Application/User/Core/ssd1306.o
                0x08000a84                ssd1306_Reset
 *fill*         0x08000a92        0x2 
 .text.ssd1306_WriteCommand
                0x08000a94       0x30 ./Application/User/Core/ssd1306.o
                0x08000a94                ssd1306_WriteCommand
 .text.ssd1306_WriteData
                0x08000ac4       0x34 ./Application/User/Core/ssd1306.o
                0x08000ac4                ssd1306_WriteData
 .text.ssd1306_Init
                0x08000af8       0xd4 ./Application/User/Core/ssd1306.o
                0x08000af8                ssd1306_Init
 .text.ssd1306_Fill
                0x08000bcc       0x30 ./Application/User/Core/ssd1306.o
                0x08000bcc                ssd1306_Fill
 .text.ssd1306_UpdateScreen
                0x08000bfc       0x50 ./Application/User/Core/ssd1306.o
                0x08000bfc                ssd1306_UpdateScreen
 .text.ssd1306_DrawPixel
                0x08000c4c       0xa8 ./Application/User/Core/ssd1306.o
                0x08000c4c                ssd1306_DrawPixel
 .text.ssd1306_Line
                0x08000cf4       0xd8 ./Application/User/Core/ssd1306.o
                0x08000cf4                ssd1306_Line
 .text.ssd1306_SetContrast
                0x08000dcc       0x26 ./Application/User/Core/ssd1306.o
                0x08000dcc                ssd1306_SetContrast
 *fill*         0x08000df2        0x2 
 .text.ssd1306_SetDisplayOn
                0x08000df4       0x3c ./Application/User/Core/ssd1306.o
                0x08000df4                ssd1306_SetDisplayOn
 .text.HAL_MspInit
                0x08000e30       0x50 ./Application/User/Core/stm32f4xx_hal_msp.o
                0x08000e30                HAL_MspInit
 .text.HAL_ADC_MspInit
                0x08000e80       0xf0 ./Application/User/Core/stm32f4xx_hal_msp.o
                0x08000e80                HAL_ADC_MspInit
 .text.HAL_I2C_MspInit
                0x08000f70       0xf4 ./Application/User/Core/stm32f4xx_hal_msp.o
                0x08000f70                HAL_I2C_MspInit
 .text.HAL_TIM_Base_MspInit
                0x08001064       0x44 ./Application/User/Core/stm32f4xx_hal_msp.o
                0x08001064                HAL_TIM_Base_MspInit
 .text.HAL_UART_MspInit
                0x080010a8       0x90 ./Application/User/Core/stm32f4xx_hal_msp.o
                0x080010a8                HAL_UART_MspInit
 .text.NMI_Handler
                0x08001138        0x8 ./Application/User/Core/stm32f4xx_it.o
                0x08001138                NMI_Handler
 .text.HardFault_Handler
                0x08001140        0x8 ./Application/User/Core/stm32f4xx_it.o
                0x08001140                HardFault_Handler
 .text.MemManage_Handler
                0x08001148        0x8 ./Application/User/Core/stm32f4xx_it.o
                0x08001148                MemManage_Handler
 .text.BusFault_Handler
                0x08001150        0x8 ./Application/User/Core/stm32f4xx_it.o
                0x08001150                BusFault_Handler
 .text.UsageFault_Handler
                0x08001158        0x8 ./Application/User/Core/stm32f4xx_it.o
                0x08001158                UsageFault_Handler
 .text.SVC_Handler
                0x08001160        0xe ./Application/User/Core/stm32f4xx_it.o
                0x08001160                SVC_Handler
 .text.DebugMon_Handler
                0x0800116e        0xe ./Application/User/Core/stm32f4xx_it.o
                0x0800116e                DebugMon_Handler
 .text.PendSV_Handler
                0x0800117c        0xe ./Application/User/Core/stm32f4xx_it.o
                0x0800117c                PendSV_Handler
 .text.SysTick_Handler
                0x0800118a        0xc ./Application/User/Core/stm32f4xx_it.o
                0x0800118a                SysTick_Handler
 *fill*         0x08001196        0x2 
 .text.DMA1_Stream6_IRQHandler
                0x08001198       0x14 ./Application/User/Core/stm32f4xx_it.o
                0x08001198                DMA1_Stream6_IRQHandler
 .text.DMA2_Stream0_IRQHandler
                0x080011ac       0x14 ./Application/User/Core/stm32f4xx_it.o
                0x080011ac                DMA2_Stream0_IRQHandler
 .text.Reset_Handler
                0x080011c0       0x50 ./Application/User/Startup/startup_stm32f446retx.o
                0x080011c0                Reset_Handler
 .text.Default_Handler
                0x08001210        0x2 ./Application/User/Startup/startup_stm32f446retx.o
                0x08001210                RTC_Alarm_IRQHandler
                0x08001210                EXTI2_IRQHandler
                0x08001210                TIM8_CC_IRQHandler
                0x08001210                FMPI2C1_EV_IRQHandler
                0x08001210                SPI4_IRQHandler
                0x08001210                TIM1_CC_IRQHandler
                0x08001210                DMA2_Stream5_IRQHandler
                0x08001210                DMA1_Stream5_IRQHandler
                0x08001210                PVD_IRQHandler
                0x08001210                SDIO_IRQHandler
                0x08001210                TAMP_STAMP_IRQHandler
                0x08001210                CAN2_RX1_IRQHandler
                0x08001210                EXTI3_IRQHandler
                0x08001210                TIM8_TRG_COM_TIM14_IRQHandler
                0x08001210                TIM1_UP_TIM10_IRQHandler
                0x08001210                TIM8_UP_TIM13_IRQHandler
                0x08001210                I2C3_ER_IRQHandler
                0x08001210                EXTI0_IRQHandler
                0x08001210                I2C2_EV_IRQHandler
                0x08001210                DMA1_Stream2_IRQHandler
                0x08001210                CAN1_RX0_IRQHandler
                0x08001210                FPU_IRQHandler
                0x08001210                OTG_HS_WKUP_IRQHandler
                0x08001210                CAN2_SCE_IRQHandler
                0x08001210                DMA2_Stream2_IRQHandler
                0x08001210                SPI1_IRQHandler
                0x08001210                TIM6_DAC_IRQHandler
                0x08001210                TIM1_BRK_TIM9_IRQHandler
                0x08001210                DCMI_IRQHandler
                0x08001210                CAN2_RX0_IRQHandler
                0x08001210                DMA2_Stream3_IRQHandler
                0x08001210                SAI2_IRQHandler
                0x08001210                USART6_IRQHandler
                0x08001210                USART3_IRQHandler
                0x08001210                CAN1_RX1_IRQHandler
                0x08001210                UART5_IRQHandler
                0x08001210                TIM4_IRQHandler
                0x08001210                QUADSPI_IRQHandler
                0x08001210                I2C1_EV_IRQHandler
                0x08001210                DMA1_Stream1_IRQHandler
                0x08001210                UART4_IRQHandler
                0x08001210                TIM3_IRQHandler
                0x08001210                RCC_IRQHandler
                0x08001210                TIM8_BRK_TIM12_IRQHandler
                0x08001210                Default_Handler
                0x08001210                CEC_IRQHandler
                0x08001210                EXTI15_10_IRQHandler
                0x08001210                ADC_IRQHandler
                0x08001210                DMA1_Stream7_IRQHandler
                0x08001210                TIM7_IRQHandler
                0x08001210                CAN2_TX_IRQHandler
                0x08001210                TIM5_IRQHandler
                0x08001210                DMA2_Stream7_IRQHandler
                0x08001210                I2C3_EV_IRQHandler
                0x08001210                EXTI9_5_IRQHandler
                0x08001210                RTC_WKUP_IRQHandler
                0x08001210                SPDIF_RX_IRQHandler
                0x08001210                SPI2_IRQHandler
                0x08001210                OTG_HS_EP1_IN_IRQHandler
                0x08001210                DMA1_Stream0_IRQHandler
                0x08001210                CAN1_TX_IRQHandler
                0x08001210                FMPI2C1_ER_IRQHandler
                0x08001210                EXTI4_IRQHandler
                0x08001210                OTG_HS_EP1_OUT_IRQHandler
                0x08001210                WWDG_IRQHandler
                0x08001210                TIM2_IRQHandler
                0x08001210                OTG_FS_WKUP_IRQHandler
                0x08001210                TIM1_TRG_COM_TIM11_IRQHandler
                0x08001210                OTG_HS_IRQHandler
                0x08001210                EXTI1_IRQHandler
                0x08001210                USART2_IRQHandler
                0x08001210                I2C2_ER_IRQHandler
                0x08001210                DMA2_Stream1_IRQHandler
                0x08001210                CAN1_SCE_IRQHandler
                0x08001210                FLASH_IRQHandler
                0x08001210                DMA2_Stream4_IRQHandler
                0x08001210                USART1_IRQHandler
                0x08001210                OTG_FS_IRQHandler
                0x08001210                SPI3_IRQHandler
                0x08001210                DMA1_Stream4_IRQHandler
                0x08001210                I2C1_ER_IRQHandler
                0x08001210                FMC_IRQHandler
                0x08001210                DMA2_Stream6_IRQHandler
                0x08001210                SAI1_IRQHandler
                0x08001210                DMA1_Stream3_IRQHandler
 *fill*         0x08001212        0x2 
 .text.SystemInit
                0x08001214       0x24 ./Drivers/CMSIS/system_stm32f4xx.o
                0x08001214                SystemInit
 .text.HAL_Init
                0x08001238       0x44 ./Drivers/STM32F4xx_HAL_Driver/stm32f4xx_hal.o
                0x08001238                HAL_Init
 .text.HAL_InitTick
                0x0800127c       0x60 ./Drivers/STM32F4xx_HAL_Driver/stm32f4xx_hal.o
                0x0800127c                HAL_InitTick
 .text.HAL_IncTick
                0x080012dc       0x28 ./Drivers/STM32F4xx_HAL_Driver/stm32f4xx_hal.o
                0x080012dc                HAL_IncTick
 .text.HAL_GetTick
                0x08001304       0x18 ./Drivers/STM32F4xx_HAL_Driver/stm32f4xx_hal.o
                0x08001304                HAL_GetTick
 .text.HAL_Delay
                0x0800131c       0x48 ./Drivers/STM32F4xx_HAL_Driver/stm32f4xx_hal.o
                0x0800131c                HAL_Delay
 .text.HAL_ADC_Init
                0x08001364       0x86 ./Drivers/STM32F4xx_HAL_Driver/stm32f4xx_hal_adc.o
                0x08001364                HAL_ADC_Init
 *fill*         0x080013ea        0x2 
 .text.HAL_ADC_Start_DMA
                0x080013ec      0x228 ./Drivers/STM32F4xx_HAL_Driver/stm32f4xx_hal_adc.o
                0x080013ec                HAL_ADC_Start_DMA
 .text.HAL_ADC_Stop_DMA
                0x08001614       0xb4 ./Drivers/STM32F4xx_HAL_Driver/stm32f4xx_hal_adc.o
                0x08001614                HAL_ADC_Stop_DMA
 .text.HAL_ADC_ConvCpltCallback
                0x080016c8       0x14 ./Drivers/STM32F4xx_HAL_Driver/stm32f4xx_hal_adc.o
                0x080016c8                HAL_ADC_ConvCpltCallback
 .text.HAL_ADC_ConvHalfCpltCallback
                0x080016dc       0x14 ./Drivers/STM32F4xx_HAL_Driver/stm32f4xx_hal_adc.o
                0x080016dc                HAL_ADC_ConvHalfCpltCallback
 .text.HAL_ADC_ErrorCallback
                0x080016f0       0x14 ./Drivers/STM32F4xx_HAL_Driver/stm32f4xx_hal_adc.o
                0x080016f0                HAL_ADC_ErrorCallback
 .text.HAL_ADC_ConfigChannel
                0x08001704      0x264 ./Drivers/STM32F4xx_HAL_Driver/stm32f4xx_hal_adc.o
                0x08001704                HAL_ADC_ConfigChannel
 .text.ADC_Init
                0x08001968      0x1f8 ./Drivers/STM32F4xx_HAL_Driver/stm32f4xx_hal_adc.o
 .text.ADC_DMAConvCplt
                0x08001b60       0xba ./Drivers/STM32F4xx_HAL_Driver/stm32f4xx_hal_adc.o
 .text.ADC_DMAHalfConvCplt
                0x08001c1a       0x1c ./Drivers/STM32F4xx_HAL_Driver/stm32f4xx_hal_adc.o
 .text.ADC_DMAError
                0x08001c36       0x2e ./Drivers/STM32F4xx_HAL_Driver/stm32f4xx_hal_adc.o
 .text.__NVIC_SetPriorityGrouping
                0x08001c64       0x48 ./Drivers/STM32F4xx_HAL_Driver/stm32f4xx_hal_cortex.o
 .text.__NVIC_GetPriorityGrouping
                0x08001cac       0x1c ./Drivers/STM32F4xx_HAL_Driver/stm32f4xx_hal_cortex.o
 .text.__NVIC_EnableIRQ
                0x08001cc8       0x3c ./Drivers/STM32F4xx_HAL_Driver/stm32f4xx_hal_cortex.o
 .text.__NVIC_SetPriority
                0x08001d04       0x54 ./Drivers/STM32F4xx_HAL_Driver/stm32f4xx_hal_cortex.o
 .text.NVIC_EncodePriority
                0x08001d58       0x66 ./Drivers/STM32F4xx_HAL_Driver/stm32f4xx_hal_cortex.o
 *fill*         0x08001dbe        0x2 
 .text.SysTick_Config
                0x08001dc0       0x44 ./Drivers/STM32F4xx_HAL_Driver/stm32f4xx_hal_cortex.o
 .text.HAL_NVIC_SetPriorityGrouping
                0x08001e04       0x16 ./Drivers/STM32F4xx_HAL_Driver/stm32f4xx_hal_cortex.o
                0x08001e04                HAL_NVIC_SetPriorityGrouping
 .text.HAL_NVIC_SetPriority
                0x08001e1a       0x38 ./Drivers/STM32F4xx_HAL_Driver/stm32f4xx_hal_cortex.o
                0x08001e1a                HAL_NVIC_SetPriority
 .text.HAL_NVIC_EnableIRQ
                0x08001e52       0x1c ./Drivers/STM32F4xx_HAL_Driver/stm32f4xx_hal_cortex.o
                0x08001e52                HAL_NVIC_EnableIRQ
 .text.HAL_SYSTICK_Config
                0x08001e6e       0x18 ./Drivers/STM32F4xx_HAL_Driver/stm32f4xx_hal_cortex.o
                0x08001e6e                HAL_SYSTICK_Config
 *fill*         0x08001e86        0x2 
 .text.HAL_DMA_Init
                0x08001e88      0x15c ./Drivers/STM32F4xx_HAL_Driver/stm32f4xx_hal_dma.o
                0x08001e88                HAL_DMA_Init
 .text.HAL_DMA_Start_IT
                0x08001fe4       0xb0 ./Drivers/STM32F4xx_HAL_Driver/stm32f4xx_hal_dma.o
                0x08001fe4                HAL_DMA_Start_IT
 .text.HAL_DMA_Abort
                0x08002094       0xe0 ./Drivers/STM32F4xx_HAL_Driver/stm32f4xx_hal_dma.o
                0x08002094                HAL_DMA_Abort
 .text.HAL_DMA_IRQHandler
                0x08002174      0x314 ./Drivers/STM32F4xx_HAL_Driver/stm32f4xx_hal_dma.o
                0x08002174                HAL_DMA_IRQHandler
 .text.DMA_SetConfig
                0x08002488       0x5c ./Drivers/STM32F4xx_HAL_Driver/stm32f4xx_hal_dma.o
 .text.DMA_CalcBaseAndBitshift
                0x080024e4       0x6c ./Drivers/STM32F4xx_HAL_Driver/stm32f4xx_hal_dma.o
 .text.DMA_CheckFifoParam
                0x08002550       0xf8 ./Drivers/STM32F4xx_HAL_Driver/stm32f4xx_hal_dma.o
 .text.HAL_GPIO_Init
                0x08002648      0x328 ./Drivers/STM32F4xx_HAL_Driver/stm32f4xx_hal_gpio.o
                0x08002648                HAL_GPIO_Init
 .text.HAL_GPIO_WritePin
                0x08002970       0x32 ./Drivers/STM32F4xx_HAL_Driver/stm32f4xx_hal_gpio.o
                0x08002970                HAL_GPIO_WritePin
 *fill*         0x080029a2        0x2 
 .text.HAL_I2C_Init
                0x080029a4      0x288 ./Drivers/STM32F4xx_HAL_Driver/stm32f4xx_hal_i2c.o
                0x080029a4                HAL_I2C_Init
 .text.HAL_I2C_Mem_Write
                0x08002c2c      0x1f4 ./Drivers/STM32F4xx_HAL_Driver/stm32f4xx_hal_i2c.o
                0x08002c2c                HAL_I2C_Mem_Write
 .text.I2C_RequestMemoryWrite
                0x08002e20      0x12c ./Drivers/STM32F4xx_HAL_Driver/stm32f4xx_hal_i2c.o
 .text.I2C_WaitOnFlagUntilTimeout
                0x08002f4c       0xf4 ./Drivers/STM32F4xx_HAL_Driver/stm32f4xx_hal_i2c.o
 .text.I2C_WaitOnMasterAddressFlagUntilTimeout
                0x08003040      0x140 ./Drivers/STM32F4xx_HAL_Driver/stm32f4xx_hal_i2c.o
 .text.I2C_WaitOnTXEFlagUntilTimeout
                0x08003180       0x90 ./Drivers/STM32F4xx_HAL_Driver/stm32f4xx_hal_i2c.o
 .text.I2C_WaitOnBTFFlagUntilTimeout
                0x08003210       0x90 ./Drivers/STM32F4xx_HAL_Driver/stm32f4xx_hal_i2c.o
 .text.I2C_IsAcknowledgeFailed
                0x080032a0       0x5e ./Drivers/STM32F4xx_HAL_Driver/stm32f4xx_hal_i2c.o
 *fill*         0x080032fe        0x2 
 .text.HAL_RCC_ClockConfig
                0x08003300      0x1cc ./Drivers/STM32F4xx_HAL_Driver/stm32f4xx_hal_rcc.o
                0x08003300                HAL_RCC_ClockConfig
 .text.HAL_RCC_GetHCLKFreq
                0x080034cc       0x18 ./Drivers/STM32F4xx_HAL_Driver/stm32f4xx_hal_rcc.o
                0x080034cc                HAL_RCC_GetHCLKFreq
 .text.HAL_RCC_GetPCLK1Freq
                0x080034e4       0x28 ./Drivers/STM32F4xx_HAL_Driver/stm32f4xx_hal_rcc.o
                0x080034e4                HAL_RCC_GetPCLK1Freq
 .text.HAL_RCC_GetPCLK2Freq
                0x0800350c       0x28 ./Drivers/STM32F4xx_HAL_Driver/stm32f4xx_hal_rcc.o
                0x0800350c                HAL_RCC_GetPCLK2Freq
 .text.HAL_RCC_GetSysClockFreq
                0x08003534      0x460 ./Drivers/STM32F4xx_HAL_Driver/stm32f4xx_hal_rcc_ex.o
                0x08003534                HAL_RCC_GetSysClockFreq
 .text.HAL_RCC_OscConfig
                0x08003994      0x53c ./Drivers/STM32F4xx_HAL_Driver/stm32f4xx_hal_rcc_ex.o
                0x08003994                HAL_RCC_OscConfig
 .text.HAL_TIM_Base_Init
                0x08003ed0       0x9e ./Drivers/STM32F4xx_HAL_Driver/stm32f4xx_hal_tim.o
                0x08003ed0                HAL_TIM_Base_Init
 *fill*         0x08003f6e        0x2 
 .text.HAL_TIM_Base_Start
                0x08003f70       0xd0 ./Drivers/STM32F4xx_HAL_Driver/stm32f4xx_hal_tim.o
                0x08003f70                HAL_TIM_Base_Start
 .text.HAL_TIM_ConfigClockSource
                0x08004040      0x18e ./Drivers/STM32F4xx_HAL_Driver/stm32f4xx_hal_tim.o
                0x08004040                HAL_TIM_ConfigClockSource
 *fill*         0x080041ce        0x2 
 .text.TIM_Base_SetConfig
                0x080041d0      0x14c ./Drivers/STM32F4xx_HAL_Driver/stm32f4xx_hal_tim.o
                0x080041d0                TIM_Base_SetConfig
 .text.TIM_TI1_ConfigInputStage
                0x0800431c       0x5e ./Drivers/STM32F4xx_HAL_Driver/stm32f4xx_hal_tim.o
 .text.TIM_TI2_ConfigInputStage
                0x0800437a       0x60 ./Drivers/STM32F4xx_HAL_Driver/stm32f4xx_hal_tim.o
 .text.TIM_ITRx_SetConfig
                0x080043da       0x36 ./Drivers/STM32F4xx_HAL_Driver/stm32f4xx_hal_tim.o
 .text.TIM_ETR_SetConfig
                0x08004410       0x40 ./Drivers/STM32F4xx_HAL_Driver/stm32f4xx_hal_tim.o
                0x08004410                TIM_ETR_SetConfig
 .text.HAL_TIMEx_MasterConfigSynchronization
                0x08004450       0xf8 ./Drivers/STM32F4xx_HAL_Driver/stm32f4xx_hal_tim_ex.o
                0x08004450                HAL_TIMEx_MasterConfigSynchronization
 .text.HAL_UART_Init
                0x08004548       0xa0 ./Drivers/STM32F4xx_HAL_Driver/stm32f4xx_hal_uart.o
                0x08004548                HAL_UART_Init
 .text.UART_SetConfig
                0x080045e8      0x4e8 ./Drivers/STM32F4xx_HAL_Driver/stm32f4xx_hal_uart.o
 .text.memset   0x08004ad0       0x10 C:/ST/STM32CubeIDE_2.1.1/STM32CubeIDE/plugins/com.st.stm32cube.ide.mcu.externaltools.gnu-tools-for-stm32.14.3.rel1.win32_1.0.100.202602081740/tools/bin/../lib/gcc/arm-none-eabi/14.3.1/../../../../arm-none-eabi/lib/thumb/v7e-m+fp/hard\libc_nano.a(libc_a-memset.o)
                0x08004ad0                memset
 .text.__libc_init_array
                0x08004ae0       0x48 C:/ST/STM32CubeIDE_2.1.1/STM32CubeIDE/plugins/com.st.stm32cube.ide.mcu.externaltools.gnu-tools-for-stm32.14.3.rel1.win32_1.0.100.202602081740/tools/bin/../lib/gcc/arm-none-eabi/14.3.1/../../../../arm-none-eabi/lib/thumb/v7e-m+fp/hard\libc_nano.a(libc_a-init.o)
                0x08004ae0                __libc_init_array
 *(.glue_7)
 .glue_7        0x08004b28        0x0 linker stubs
 *(.glue_7t)
 .glue_7t       0x08004b28        0x0 linker stubs
 *(.eh_frame)
 .eh_frame      0x08004b28        0x0 C:/ST/STM32CubeIDE_2.1.1/STM32CubeIDE/plugins/com.st.stm32cube.ide.mcu.externaltools.gnu-tools-for-stm32.14.3.rel1.win32_1.0.100.202602081740/tools/bin/../lib/gcc/arm-none-eabi/14.3.1/thumb/v7e-m+fp/hard/crtbegin.o
 *(.init)
 .init          0x08004b28        0x4 C:/ST/STM32CubeIDE_2.1.1/STM32CubeIDE/plugins/com.st.stm32cube.ide.mcu.externaltools.gnu-tools-for-stm32.14.3.rel1.win32_1.0.100.202602081740/tools/bin/../lib/gcc/arm-none-eabi/14.3.1/thumb/v7e-m+fp/hard/crti.o
                0x08004b28                _init
 .init          0x08004b2c        0x8 C:/ST/STM32CubeIDE_2.1.1/STM32CubeIDE/plugins/com.st.stm32cube.ide.mcu.externaltools.gnu-tools-for-stm32.14.3.rel1.win32_1.0.100.202602081740/tools/bin/../lib/gcc/arm-none-eabi/14.3.1/thumb/v7e-m+fp/hard/crtn.o
 *(.fini)
 .fini          0x08004b34        0x4 C:/ST/STM32CubeIDE_2.1.1/STM32CubeIDE/plugins/com.st.stm32cube.ide.mcu.externaltools.gnu-tools-for-stm32.14.3.rel1.win32_1.0.100.202602081740/tools/bin/../lib/gcc/arm-none-eabi/14.3.1/thumb/v7e-m+fp/hard/crti.o
                0x08004b34                _fini
 .fini          0x08004b38        0x8 C:/ST/STM32CubeIDE_2.1.1/STM32CubeIDE/plugins/com.st.stm32cube.ide.mcu.externaltools.gnu-tools-for-stm32.14.3.rel1.win32_1.0.100.202602081740/tools/bin/../lib/gcc/arm-none-eabi/14.3.1/thumb/v7e-m+fp/hard/crtn.o
                0x08004b40                        . = ALIGN (0x4)
                0x08004b40                        _etext = .

.vfp11_veneer   0x08004b40        0x0
 .vfp11_veneer  0x08004b40        0x0 linker stubs

.v4_bx          0x08004b40        0x0
 .v4_bx         0x08004b40        0x0 linker stubs

.iplt           0x08004b40        0x0
 .iplt          0x08004b40        0x0 C:/ST/STM32CubeIDE_2.1.1/STM32CubeIDE/plugins/com.st.stm32cube.ide.mcu.externaltools.gnu-tools-for-stm32.14.3.rel1.win32_1.0.100.202602081740/tools/bin/../lib/gcc/arm-none-eabi/14.3.1/thumb/v7e-m+fp/hard/crtbegin.o

.rodata         0x08004b40       0x20
                0x08004b40                        . = ALIGN (0x4)
 *(.rodata)
 *(.rodata*)
 .rodata.AHBPrescTable
                0x08004b40       0x10 ./Drivers/CMSIS/system_stm32f4xx.o
                0x08004b40                AHBPrescTable
 .rodata.APBPrescTable
                0x08004b50        0x8 ./Drivers/CMSIS/system_stm32f4xx.o
                0x08004b50                APBPrescTable
 .rodata.flagBitshiftOffset.0
                0x08004b58        0x8 ./Drivers/STM32F4xx_HAL_Driver/stm32f4xx_hal_dma.o
                0x08004b60                        . = ALIGN (0x4)

.ARM.extab      0x08004b60        0x0
                0x08004b60                        . = ALIGN (0x4)
 *(.ARM.extab* .gnu.linkonce.armextab.*)
                0x08004b60                        . = ALIGN (0x4)

.ARM            0x08004b60        0x8
                0x08004b60                        . = ALIGN (0x4)
                0x08004b60                        __exidx_start = .
 *(.ARM.exidx*)
 .ARM.exidx     0x08004b60        0x8 C:/ST/STM32CubeIDE_2.1.1/STM32CubeIDE/plugins/com.st.stm32cube.ide.mcu.externaltools.gnu-tools-for-stm32.14.3.rel1.win32_1.0.100.202602081740/tools/bin/../lib/gcc/arm-none-eabi/14.3.1/thumb/v7e-m+fp/hard\libgcc.a(_udivmoddi4.o)
                0x08004b68                        __exidx_end = .
                0x08004b68                        . = ALIGN (0x4)

.preinit_array  0x08004b68        0x0
                0x08004b68                        . = ALIGN (0x4)
                0x08004b68                        PROVIDE (__preinit_array_start = .)
 *(.preinit_array*)
                0x08004b68                        PROVIDE (__preinit_array_end = .)
                0x08004b68                        . = ALIGN (0x4)

.init_array     0x08004b68        0x4
                0x08004b68                        . = ALIGN (0x4)
                0x08004b68                        PROVIDE (__init_array_start = .)
 *(SORT_BY_NAME(.init_array.*))
 *(.init_array*)
 .init_array    0x08004b68        0x4 C:/ST/STM32CubeIDE_2.1.1/STM32CubeIDE/plugins/com.st.stm32cube.ide.mcu.externaltools.gnu-tools-for-stm32.14.3.rel1.win32_1.0.100.202602081740/tools/bin/../lib/gcc/arm-none-eabi/14.3.1/thumb/v7e-m+fp/hard/crtbegin.o
                0x08004b6c                        PROVIDE (__init_array_end = .)
                0x08004b6c                        . = ALIGN (0x4)

.fini_array     0x08004b6c        0x4
                0x08004b6c                        . = ALIGN (0x4)
                [!provide]                        PROVIDE (__fini_array_start = .)
 *(SORT_BY_NAME(.fini_array.*))
 *(.fini_array*)
 .fini_array    0x08004b6c        0x4 C:/ST/STM32CubeIDE_2.1.1/STM32CubeIDE/plugins/com.st.stm32cube.ide.mcu.externaltools.gnu-tools-for-stm32.14.3.rel1.win32_1.0.100.202602081740/tools/bin/../lib/gcc/arm-none-eabi/14.3.1/thumb/v7e-m+fp/hard/crtbegin.o
                [!provide]                        PROVIDE (__fini_array_end = .)
                0x08004b70                        . = ALIGN (0x4)
                0x08004b70                        _sidata = LOADADDR (.data)

.rel.dyn        0x08004b70        0x0
 .rel.iplt      0x08004b70        0x0 C:/ST/STM32CubeIDE_2.1.1/STM32CubeIDE/plugins/com.st.stm32cube.ide.mcu.externaltools.gnu-tools-for-stm32.14.3.rel1.win32_1.0.100.202602081740/tools/bin/../lib/gcc/arm-none-eabi/14.3.1/thumb/v7e-m+fp/hard/crtbegin.o

.data           0x20000000        0xc load address 0x08004b70
                0x20000000                        . = ALIGN (0x4)
                0x20000000                        _sdata = .
 *(.data)
 *(.data*)
 .data.SystemCoreClock
                0x20000000        0x4 ./Drivers/CMSIS/system_stm32f4xx.o
                0x20000000                SystemCoreClock
 .data.uwTickPrio
                0x20000004        0x4 ./Drivers/STM32F4xx_HAL_Driver/stm32f4xx_hal.o
                0x20000004                uwTickPrio
 .data.uwTickFreq
                0x20000008        0x1 ./Drivers/STM32F4xx_HAL_Driver/stm32f4xx_hal.o
                0x20000008                uwTickFreq
 *(.RamFunc)
 *(.RamFunc*)
                0x2000000c                        . = ALIGN (0x4)
 *fill*         0x20000009        0x3 
                0x2000000c                        _edata = .

.igot.plt       0x2000000c        0x0 load address 0x08004b7c
 .igot.plt      0x2000000c        0x0 C:/ST/STM32CubeIDE_2.1.1/STM32CubeIDE/plugins/com.st.stm32cube.ide.mcu.externaltools.gnu-tools-for-stm32.14.3.rel1.win32_1.0.100.202602081740/tools/bin/../lib/gcc/arm-none-eabi/14.3.1/thumb/v7e-m+fp/hard/crtbegin.o
                0x2000000c                        . = ALIGN (0x4)

.bss            0x2000000c      0x718 load address 0x08004b7c
                0x2000000c                        _sbss = .
                0x2000000c                        __bss_start__ = _sbss
 *(.bss)
 .bss           0x2000000c       0x1c C:/ST/STM32CubeIDE_2.1.1/STM32CubeIDE/plugins/com.st.stm32cube.ide.mcu.externaltools.gnu-tools-for-stm32.14.3.rel1.win32_1.0.100.202602081740/tools/bin/../lib/gcc/arm-none-eabi/14.3.1/thumb/v7e-m+fp/hard/crtbegin.o
 *(.bss*)
 .bss.hadc1     0x20000028       0x48 ./Application/User/Core/main.o
                0x20000028                hadc1
 .bss.hdma_adc1
                0x20000070       0x60 ./Application/User/Core/main.o
                0x20000070                hdma_adc1
 .bss.hi2c1     0x200000d0       0x54 ./Application/User/Core/main.o
                0x200000d0                hi2c1
 .bss.hdma_i2c1_tx
                0x20000124       0x60 ./Application/User/Core/main.o
                0x20000124                hdma_i2c1_tx
 .bss.htim3     0x20000184       0x48 ./Application/User/Core/main.o
                0x20000184                htim3
 .bss.huart2    0x200001cc       0x48 ./Application/User/Core/main.o
                0x200001cc                huart2
 .bss.adc_buff  0x20000214      0x100 ./Application/User/Core/main.o
                0x20000214                adc_buff
 .bss.trigger_index
                0x20000314        0x2 ./Application/User/Core/main.o
                0x20000314                trigger_index
 *fill*         0x20000316        0x2 
 .bss.SSD1306_Buffer
                0x20000318      0x400 ./Application/User/Core/ssd1306.o
 .bss.SSD1306   0x20000718        0x6 ./Application/User/Core/ssd1306.o
 *fill*         0x2000071e        0x2 
 .bss.uwTick    0x20000720        0x4 ./Drivers/STM32F4xx_HAL_Driver/stm32f4xx_hal.o
                0x20000720                uwTick
 *(COMMON)
                0x20000724                        . = ALIGN (0x4)
                0x20000724                        _ebss = .
                0x20000724                        __bss_end__ = _ebss

._user_heap_stack
                0x20000724      0x604 load address 0x08004b7c
                0x20000728                        . = ALIGN (0x8)
 *fill*         0x20000724        0x4 
                [!provide]                        PROVIDE (end = .)
                0x20000728                        PROVIDE (_end = .)
                0x20000928                        . = (. + _Min_Heap_Size)
 *fill*         0x20000728      0x200 
                0x20000d28                        . = (. + _Min_Stack_Size)
 *fill*         0x20000928      0x400 
                0x20000d28                        . = ALIGN (0x8)

/DISCARD/
 libc.a(*)
 libm.a(*)
 libgcc.a(*)

.ARM.attributes
                0x00000000       0x30
 *(.ARM.attributes)
 .ARM.attributes
                0x00000000       0x22 C:/ST/STM32CubeIDE_2.1.1/STM32CubeIDE/plugins/com.st.stm32cube.ide.mcu.externaltools.gnu-tools-for-stm32.14.3.rel1.win32_1.0.100.202602081740/tools/bin/../lib/gcc/arm-none-eabi/14.3.1/thumb/v7e-m+fp/hard/crti.o
 .ARM.attributes
                0x00000022       0x34 C:/ST/STM32CubeIDE_2.1.1/STM32CubeIDE/plugins/com.st.stm32cube.ide.mcu.externaltools.gnu-tools-for-stm32.14.3.rel1.win32_1.0.100.202602081740/tools/bin/../lib/gcc/arm-none-eabi/14.3.1/thumb/v7e-m+fp/hard/crtbegin.o
 .ARM.attributes
                0x00000056       0x34 ./Application/User/Core/main.o
 .ARM.attributes
                0x0000008a       0x34 ./Application/User/Core/ssd1306.o
 .ARM.attributes
                0x000000be       0x34 ./Application/User/Core/stm32f4xx_hal_msp.o
 .ARM.attributes
                0x000000f2       0x34 ./Application/User/Core/stm32f4xx_it.o
 .ARM.attributes
                0x00000126       0x21 ./Application/User/Startup/startup_stm32f446retx.o
 .ARM.attributes
                0x00000147       0x34 ./Drivers/CMSIS/system_stm32f4xx.o
 .ARM.attributes
                0x0000017b       0x34 ./Drivers/STM32F4xx_HAL_Driver/stm32f4xx_hal.o
 .ARM.attributes
                0x000001af       0x34 ./Drivers/STM32F4xx_HAL_Driver/stm32f4xx_hal_adc.o
 .ARM.attributes
                0x000001e3       0x34 ./Drivers/STM32F4xx_HAL_Driver/stm32f4xx_hal_cortex.o
 .ARM.attributes
                0x00000217       0x34 ./Drivers/STM32F4xx_HAL_Driver/stm32f4xx_hal_dma.o
 .ARM.attributes
                0x0000024b       0x34 ./Drivers/STM32F4xx_HAL_Driver/stm32f4xx_hal_gpio.o
 .ARM.attributes
                0x0000027f       0x34 ./Drivers/STM32F4xx_HAL_Driver/stm32f4xx_hal_i2c.o
 .ARM.attributes
                0x000002b3       0x34 ./Drivers/STM32F4xx_HAL_Driver/stm32f4xx_hal_rcc.o
 .ARM.attributes
                0x000002e7       0x34 ./Drivers/STM32F4xx_HAL_Driver/stm32f4xx_hal_rcc_ex.o
 .ARM.attributes
                0x0000031b       0x34 ./Drivers/STM32F4xx_HAL_Driver/stm32f4xx_hal_tim.o
 .ARM.attributes
                0x0000034f       0x34 ./Drivers/STM32F4xx_HAL_Driver/stm32f4xx_hal_tim_ex.o
 .ARM.attributes
                0x00000383       0x34 ./Drivers/STM32F4xx_HAL_Driver/stm32f4xx_hal_uart.o
 .ARM.attributes
                0x000003b7       0x34 C:/ST/STM32CubeIDE_2.1.1/STM32CubeIDE/plugins/com.st.stm32cube.ide.mcu.externaltools.gnu-tools-for-stm32.14.3.rel1.win32_1.0.100.202602081740/tools/bin/../lib/gcc/arm-none-eabi/14.3.1/../../../../arm-none-eabi/lib/thumb/v7e-m+fp/hard\libc_nano.a(libc_a-memset.o)
 .ARM.attributes
                0x000003eb       0x34 C:/ST/STM32CubeIDE_2.1.1/STM32CubeIDE/plugins/com.st.stm32cube.ide.mcu.externaltools.gnu-tools-for-stm32.14.3.rel1.win32_1.0.100.202602081740/tools/bin/../lib/gcc/arm-none-eabi/14.3.1/../../../../arm-none-eabi/lib/thumb/v7e-m+fp/hard\libc_nano.a(libc_a-init.o)
 .ARM.attributes
                0x0000041f       0x22 C:/ST/STM32CubeIDE_2.1.1/STM32CubeIDE/plugins/com.st.stm32cube.ide.mcu.externaltools.gnu-tools-for-stm32.14.3.rel1.win32_1.0.100.202602081740/tools/bin/../lib/gcc/arm-none-eabi/14.3.1/thumb/v7e-m+fp/hard\libgcc.a(_aeabi_uldivmod.o)
 .ARM.attributes
                0x00000441       0x34 C:/ST/STM32CubeIDE_2.1.1/STM32CubeIDE/plugins/com.st.stm32cube.ide.mcu.externaltools.gnu-tools-for-stm32.14.3.rel1.win32_1.0.100.202602081740/tools/bin/../lib/gcc/arm-none-eabi/14.3.1/thumb/v7e-m+fp/hard\libgcc.a(_udivmoddi4.o)
 .ARM.attributes
                0x00000475       0x22 C:/ST/STM32CubeIDE_2.1.1/STM32CubeIDE/plugins/com.st.stm32cube.ide.mcu.externaltools.gnu-tools-for-stm32.14.3.rel1.win32_1.0.100.202602081740/tools/bin/../lib/gcc/arm-none-eabi/14.3.1/thumb/v7e-m+fp/hard\libgcc.a(_dvmd_tls.o)
 .ARM.attributes
                0x00000497       0x22 C:/ST/STM32CubeIDE_2.1.1/STM32CubeIDE/plugins/com.st.stm32cube.ide.mcu.externaltools.gnu-tools-for-stm32.14.3.rel1.win32_1.0.100.202602081740/tools/bin/../lib/gcc/arm-none-eabi/14.3.1/thumb/v7e-m+fp/hard/crtn.o
OUTPUT(analog.elf elf32-littlearm)
LOAD linker stubs
LOAD C:/ST/STM32CubeIDE_2.1.1/STM32CubeIDE/plugins/com.st.stm32cube.ide.mcu.externaltools.gnu-tools-for-stm32.14.3.rel1.win32_1.0.100.202602081740/tools/bin/../lib/gcc/arm-none-eabi/14.3.1/../../../../arm-none-eabi/lib/thumb/v7e-m+fp/hard\libc.a
LOAD C:/ST/STM32CubeIDE_2.1.1/STM32CubeIDE/plugins/com.st.stm32cube.ide.mcu.externaltools.gnu-tools-for-stm32.14.3.rel1.win32_1.0.100.202602081740/tools/bin/../lib/gcc/arm-none-eabi/14.3.1/../../../../arm-none-eabi/lib/thumb/v7e-m+fp/hard\libm.a
LOAD C:/ST/STM32CubeIDE_2.1.1/STM32CubeIDE/plugins/com.st.stm32cube.ide.mcu.externaltools.gnu-tools-for-stm32.14.3.rel1.win32_1.0.100.202602081740/tools/bin/../lib/gcc/arm-none-eabi/14.3.1/thumb/v7e-m+fp/hard\libgcc.a

.debug_info     0x00000000    0x12291
 .debug_info    0x00000000     0x1acc ./Application/User/Core/main.o
 .debug_info    0x00001acc     0x128f ./Application/User/Core/ssd1306.o
 .debug_info    0x00002d5b     0x139b ./Application/User/Core/stm32f4xx_hal_msp.o
 .debug_info    0x000040f6      0x3c1 ./Application/User/Core/stm32f4xx_it.o
 .debug_info    0x000044b7       0x30 ./Application/User/Startup/startup_stm32f446retx.o
 .debug_info    0x000044e7      0x54a ./Drivers/CMSIS/system_stm32f4xx.o
 .debug_info    0x00004a31      0x99a ./Drivers/STM32F4xx_HAL_Driver/stm32f4xx_hal.o
 .debug_info    0x000053cb      0xce3 ./Drivers/STM32F4xx_HAL_Driver/stm32f4xx_hal_adc.o
 .debug_info    0x000060ae      0xdaa ./Drivers/STM32F4xx_HAL_Driver/stm32f4xx_hal_cortex.o
 .debug_info    0x00006e58      0x8e7 ./Drivers/STM32F4xx_HAL_Driver/stm32f4xx_hal_dma.o
 .debug_info    0x0000773f      0x70b ./Drivers/STM32F4xx_HAL_Driver/stm32f4xx_hal_gpio.o
 .debug_info    0x00007e4a     0x2421 ./Drivers/STM32F4xx_HAL_Driver/stm32f4xx_hal_i2c.o
 .debug_info    0x0000a26b      0x8ff ./Drivers/STM32F4xx_HAL_Driver/stm32f4xx_hal_rcc.o
 .debug_info    0x0000ab6a      0x960 ./Drivers/STM32F4xx_HAL_Driver/stm32f4xx_hal_rcc_ex.o
 .debug_info    0x0000b4ca     0x299d ./Drivers/STM32F4xx_HAL_Driver/stm32f4xx_hal_tim.o
 .debug_info    0x0000de67     0x14db ./Drivers/STM32F4xx_HAL_Driver/stm32f4xx_hal_tim_ex.o
 .debug_info    0x0000f342     0x2f4f ./Drivers/STM32F4xx_HAL_Driver/stm32f4xx_hal_uart.o

.debug_abbrev   0x00000000     0x269e
 .debug_abbrev  0x00000000      0x2f2 ./Application/User/Core/main.o
 .debug_abbrev  0x000002f2      0x357 ./Application/User/Core/ssd1306.o
 .debug_abbrev  0x00000649      0x273 ./Application/User/Core/stm32f4xx_hal_msp.o
 .debug_abbrev  0x000008bc      0x16b ./Application/User/Core/stm32f4xx_it.o
 .debug_abbrev  0x00000a27       0x24 ./Application/User/Startup/startup_stm32f446retx.o
 .debug_abbrev  0x00000a4b      0x11a ./Drivers/CMSIS/system_stm32f4xx.o
 .debug_abbrev  0x00000b65      0x214 ./Drivers/STM32F4xx_HAL_Driver/stm32f4xx_hal.o
 .debug_abbrev  0x00000d79      0x252 ./Drivers/STM32F4xx_HAL_Driver/stm32f4xx_hal_adc.o
 .debug_abbrev  0x00000fcb      0x31d ./Drivers/STM32F4xx_HAL_Driver/stm32f4xx_hal_cortex.o
 .debug_abbrev  0x000012e8      0x264 ./Drivers/STM32F4xx_HAL_Driver/stm32f4xx_hal_dma.o
 .debug_abbrev  0x0000154c      0x1d4 ./Drivers/STM32F4xx_HAL_Driver/stm32f4xx_hal_gpio.o
 .debug_abbrev  0x00001720      0x2ad ./Drivers/STM32F4xx_HAL_Driver/stm32f4xx_hal_i2c.o
 .debug_abbrev  0x000019cd      0x2b7 ./Drivers/STM32F4xx_HAL_Driver/stm32f4xx_hal_rcc.o
 .debug_abbrev  0x00001c84      0x211 ./Drivers/STM32F4xx_HAL_Driver/stm32f4xx_hal_rcc_ex.o
 .debug_abbrev  0x00001e95      0x278 ./Drivers/STM32F4xx_HAL_Driver/stm32f4xx_hal_tim.o
 .debug_abbrev  0x0000210d      0x283 ./Drivers/STM32F4xx_HAL_Driver/stm32f4xx_hal_tim_ex.o
 .debug_abbrev  0x00002390      0x30e ./Drivers/STM32F4xx_HAL_Driver/stm32f4xx_hal_uart.o

.debug_aranges  0x00000000     0x1140
 .debug_aranges
                0x00000000       0x60 ./Application/User/Core/main.o
 .debug_aranges
                0x00000060       0xe8 ./Application/User/Core/ssd1306.o
 .debug_aranges
                0x00000148       0x60 ./Application/User/Core/stm32f4xx_hal_msp.o
 .debug_aranges
                0x000001a8       0x70 ./Application/User/Core/stm32f4xx_it.o
 .debug_aranges
                0x00000218       0x28 ./Application/User/Startup/startup_stm32f446retx.o
 .debug_aranges
                0x00000240       0x28 ./Drivers/CMSIS/system_stm32f4xx.o
 .debug_aranges
                0x00000268       0xf0 ./Drivers/STM32F4xx_HAL_Driver/stm32f4xx_hal.o
 .debug_aranges
                0x00000358       0xe8 ./Drivers/STM32F4xx_HAL_Driver/stm32f4xx_hal_adc.o
 .debug_aranges
                0x00000440      0x130 ./Drivers/STM32F4xx_HAL_Driver/stm32f4xx_hal_cortex.o
 .debug_aranges
                0x00000570       0x90 ./Drivers/STM32F4xx_HAL_Driver/stm32f4xx_hal_dma.o
 .debug_aranges
                0x00000600       0x58 ./Drivers/STM32F4xx_HAL_Driver/stm32f4xx_hal_gpio.o
 .debug_aranges
                0x00000658      0x2a8 ./Drivers/STM32F4xx_HAL_Driver/stm32f4xx_hal_i2c.o
 .debug_aranges
                0x00000900       0x88 ./Drivers/STM32F4xx_HAL_Driver/stm32f4xx_hal_rcc.o
 .debug_aranges
                0x00000988       0x78 ./Drivers/STM32F4xx_HAL_Driver/stm32f4xx_hal_rcc_ex.o
 .debug_aranges
                0x00000a00      0x3d0 ./Drivers/STM32F4xx_HAL_Driver/stm32f4xx_hal_tim.o
 .debug_aranges
                0x00000dd0      0x168 ./Drivers/STM32F4xx_HAL_Driver/stm32f4xx_hal_tim_ex.o
 .debug_aranges
                0x00000f38      0x208 ./Drivers/STM32F4xx_HAL_Driver/stm32f4xx_hal_uart.o

.debug_rnglists
                0x00000000      0xdb2
 .debug_rnglists
                0x00000000       0x48 ./Application/User/Core/main.o
 .debug_rnglists
                0x00000048       0xb4 ./Application/User/Core/ssd1306.o
 .debug_rnglists
                0x000000fc       0x46 ./Application/User/Core/stm32f4xx_hal_msp.o
 .debug_rnglists
                0x00000142       0x4f ./Application/User/Core/stm32f4xx_it.o
 .debug_rnglists
                0x00000191       0x19 ./Application/User/Startup/startup_stm32f446retx.o
 .debug_rnglists
                0x000001aa       0x1a ./Drivers/CMSIS/system_stm32f4xx.o
 .debug_rnglists
                0x000001c4       0xaf ./Drivers/STM32F4xx_HAL_Driver/stm32f4xx_hal.o
 .debug_rnglists
                0x00000273       0xb5 ./Drivers/STM32F4xx_HAL_Driver/stm32f4xx_hal_adc.o
 .debug_rnglists
                0x00000328       0xe0 ./Drivers/STM32F4xx_HAL_Driver/stm32f4xx_hal_cortex.o
 .debug_rnglists
                0x00000408       0x70 ./Drivers/STM32F4xx_HAL_Driver/stm32f4xx_hal_dma.o
 .debug_rnglists
                0x00000478       0x3f ./Drivers/STM32F4xx_HAL_Driver/stm32f4xx_hal_gpio.o
 .debug_rnglists
                0x000004b7      0x23c ./Drivers/STM32F4xx_HAL_Driver/stm32f4xx_hal_i2c.o
 .debug_rnglists
                0x000006f3       0x66 ./Drivers/STM32F4xx_HAL_Driver/stm32f4xx_hal_rcc.o
 .debug_rnglists
                0x00000759       0x5e ./Drivers/STM32F4xx_HAL_Driver/stm32f4xx_hal_rcc_ex.o
 .debug_rnglists
                0x000007b7      0x31a ./Drivers/STM32F4xx_HAL_Driver/stm32f4xx_hal_tim.o
 .debug_rnglists
                0x00000ad1      0x125 ./Drivers/STM32F4xx_HAL_Driver/stm32f4xx_hal_tim_ex.o
 .debug_rnglists
                0x00000bf6      0x1bc ./Drivers/STM32F4xx_HAL_Driver/stm32f4xx_hal_uart.o

.debug_macro    0x00000000    0x27235
 .debug_macro   0x00000000      0x270 ./Application/User/Core/main.o
 .debug_macro   0x00000270      0xad8 ./Application/User/Core/main.o
 .debug_macro   0x00000d48      0x2a7 ./Application/User/Core/main.o
 .debug_macro   0x00000fef       0x2e ./Application/User/Core/main.o
 .debug_macro   0x0000101d       0x28 ./Application/User/Core/main.o
 .debug_macro   0x00001045       0x22 ./Application/User/Core/main.o
 .debug_macro   0x00001067       0x8e ./Application/User/Core/main.o
 .debug_macro   0x000010f5       0x51 ./Application/User/Core/main.o
 .debug_macro   0x00001146      0x103 ./Application/User/Core/main.o
 .debug_macro   0x00001249       0x6a ./Application/User/Core/main.o
 .debug_macro   0x000012b3      0x1df ./Application/User/Core/main.o
 .debug_macro   0x00001492       0x1c ./Application/User/Core/main.o
 .debug_macro   0x000014ae       0x22 ./Application/User/Core/main.o
 .debug_macro   0x000014d0       0xfb ./Application/User/Core/main.o
 .debug_macro   0x000015cb     0x1011 ./Application/User/Core/main.o
 .debug_macro   0x000025dc      0x11f ./Application/User/Core/main.o
 .debug_macro   0x000026fb    0x1675e ./Application/User/Core/main.o
 .debug_macro   0x00018e59       0x6d ./Application/User/Core/main.o
 .debug_macro   0x00018ec6     0x3693 ./Application/User/Core/main.o
 .debug_macro   0x0001c559      0x190 ./Application/User/Core/main.o
 .debug_macro   0x0001c6e9       0x5c ./Application/User/Core/main.o
 .debug_macro   0x0001c745      0xca5 ./Application/User/Core/main.o
 .debug_macro   0x0001d3ea      0x9e9 ./Application/User/Core/main.o
 .debug_macro   0x0001ddd3      0x115 ./Application/User/Core/main.o
 .debug_macro   0x0001dee8      0x1a0 ./Application/User/Core/main.o
 .debug_macro   0x0001e088       0xa5 ./Application/User/Core/main.o
 .debug_macro   0x0001e12d      0x16d ./Application/User/Core/main.o
 .debug_macro   0x0001e29a      0x287 ./Application/User/Core/main.o
 .debug_macro   0x0001e521       0x5f ./Application/User/Core/main.o
 .debug_macro   0x0001e580      0x236 ./Application/User/Core/main.o
 .debug_macro   0x0001e7b6      0xb5b ./Application/User/Core/main.o
 .debug_macro   0x0001f311      0x38b ./Application/User/Core/main.o
 .debug_macro   0x0001f69c      0x17d ./Application/User/Core/main.o
 .debug_macro   0x0001f819       0xf9 ./Application/User/Core/main.o
 .debug_macro   0x0001f912      0x132 ./Application/User/Core/main.o
 .debug_macro   0x0001fa44      0x29c ./Application/User/Core/main.o
 .debug_macro   0x0001fce0       0x2e ./Application/User/Core/main.o
 .debug_macro   0x0001fd0e      0x1b5 ./Application/User/Core/main.o
 .debug_macro   0x0001fec3       0x22 ./Application/User/Core/main.o
 .debug_macro   0x0001fee5       0xd6 ./Application/User/Core/main.o
 .debug_macro   0x0001ffbb      0x127 ./Application/User/Core/main.o
 .debug_macro   0x000200e2       0xe8 ./Application/User/Core/main.o
 .debug_macro   0x000201ca       0x89 ./Application/User/Core/main.o
 .debug_macro   0x00020253      0x8ed ./Application/User/Core/main.o
 .debug_macro   0x00020b40       0x53 ./Application/User/Core/main.o
 .debug_macro   0x00020b93      0x2aa ./Application/User/Core/main.o
 .debug_macro   0x00020e3d      0x126 ./Application/User/Core/main.o
 .debug_macro   0x00020f63       0x58 ./Application/User/Core/main.o
 .debug_macro   0x00020fbb       0x61 ./Application/User/Core/main.o
 .debug_macro   0x0002101c       0x2a ./Application/User/Core/main.o
 .debug_macro   0x00021046       0x43 ./Application/User/Core/main.o
 .debug_macro   0x00021089       0x34 ./Application/User/Core/main.o
 .debug_macro   0x000210bd       0x46 ./Application/User/Core/main.o
 .debug_macro   0x00021103       0x4c ./Application/User/Core/main.o
 .debug_macro   0x0002114f      0x33a ./Application/User/Core/ssd1306.o
 .debug_macro   0x00021489     0x36e7 ./Application/User/Core/ssd1306.o
 .debug_macro   0x00024b70      0x364 ./Application/User/Core/ssd1306.o
 .debug_macro   0x00024ed4       0x16 ./Application/User/Core/ssd1306.o
 .debug_macro   0x00024eea       0x4a ./Application/User/Core/ssd1306.o
 .debug_macro   0x00024f34       0x34 ./Application/User/Core/ssd1306.o
 .debug_macro   0x00024f68       0x10 ./Application/User/Core/ssd1306.o
 .debug_macro   0x00024f78       0x58 ./Application/User/Core/ssd1306.o
 .debug_macro   0x00024fd0       0x8e ./Application/User/Core/ssd1306.o
 .debug_macro   0x0002505e       0x1c ./Application/User/Core/ssd1306.o
 .debug_macro   0x0002507a      0x17e ./Application/User/Core/ssd1306.o
 .debug_macro   0x000251f8      0x19b ./Application/User/Core/ssd1306.o
 .debug_macro   0x00025393       0x16 ./Application/User/Core/ssd1306.o
 .debug_macro   0x000253a9       0x3c ./Application/User/Core/ssd1306.o
 .debug_macro   0x000253e5       0x16 ./Application/User/Core/ssd1306.o
 .debug_macro   0x000253fb       0x29 ./Application/User/Core/ssd1306.o
 .debug_macro   0x00025424       0x16 ./Application/User/Core/ssd1306.o
 .debug_macro   0x0002543a       0x20 ./Application/User/Core/ssd1306.o
 .debug_macro   0x0002545a      0x21e ./Application/User/Core/stm32f4xx_hal_msp.o
 .debug_macro   0x00025678      0x228 ./Application/User/Core/stm32f4xx_it.o
 .debug_macro   0x000258a0      0x20f ./Drivers/CMSIS/system_stm32f4xx.o
 .debug_macro   0x00025aaf      0x26f ./Drivers/STM32F4xx_HAL_Driver/stm32f4xx_hal.o
 .debug_macro   0x00025d1e      0x210 ./Drivers/STM32F4xx_HAL_Driver/stm32f4xx_hal_adc.o
 .debug_macro   0x00025f2e      0x20f ./Drivers/STM32F4xx_HAL_Driver/stm32f4xx_hal_cortex.o
 .debug_macro   0x0002613d      0x215 ./Drivers/STM32F4xx_HAL_Driver/stm32f4xx_hal_dma.o
 .debug_macro   0x00026352      0x215 ./Drivers/STM32F4xx_HAL_Driver/stm32f4xx_hal_gpio.o
 .debug_macro   0x00026567      0x25d ./Drivers/STM32F4xx_HAL_Driver/stm32f4xx_hal_i2c.o
 .debug_macro   0x000267c4      0x233 ./Drivers/STM32F4xx_HAL_Driver/stm32f4xx_hal_rcc.o
 .debug_macro   0x000269f7      0x20f ./Drivers/STM32F4xx_HAL_Driver/stm32f4xx_hal_rcc_ex.o
 .debug_macro   0x00026c06      0x210 ./Drivers/STM32F4xx_HAL_Driver/stm32f4xx_hal_tim.o
 .debug_macro   0x00026e16      0x20f ./Drivers/STM32F4xx_HAL_Driver/stm32f4xx_hal_tim_ex.o
 .debug_macro   0x00027025      0x210 ./Drivers/STM32F4xx_HAL_Driver/stm32f4xx_hal_uart.o

.debug_line     0x00000000    0x15a96
 .debug_line    0x00000000      0xbd4 ./Application/User/Core/main.o
 .debug_line    0x00000bd4     0x123f ./Application/User/Core/ssd1306.o
 .debug_line    0x00001e13      0x969 ./Application/User/Core/stm32f4xx_hal_msp.o
 .debug_line    0x0000277c      0x8d6 ./Application/User/Core/stm32f4xx_it.o
 .debug_line    0x00003052       0x7a ./Application/User/Startup/startup_stm32f446retx.o
 .debug_line    0x000030cc      0x86d ./Drivers/CMSIS/system_stm32f4xx.o
 .debug_line    0x00003939      0xaec ./Drivers/STM32F4xx_HAL_Driver/stm32f4xx_hal.o
 .debug_line    0x00004425     0x130c ./Drivers/STM32F4xx_HAL_Driver/stm32f4xx_hal_adc.o
 .debug_line    0x00005731      0xdb9 ./Drivers/STM32F4xx_HAL_Driver/stm32f4xx_hal_cortex.o
 .debug_line    0x000064ea     0x1055 ./Drivers/STM32F4xx_HAL_Driver/stm32f4xx_hal_dma.o
 .debug_line    0x0000753f      0xc2a ./Drivers/STM32F4xx_HAL_Driver/stm32f4xx_hal_gpio.o
 .debug_line    0x00008169     0x3b96 ./Drivers/STM32F4xx_HAL_Driver/stm32f4xx_hal_i2c.o
 .debug_line    0x0000bcff      0xf04 ./Drivers/STM32F4xx_HAL_Driver/stm32f4xx_hal_rcc.o
 .debug_line    0x0000cc03     0x15b5 ./Drivers/STM32F4xx_HAL_Driver/stm32f4xx_hal_rcc_ex.o
 .debug_line    0x0000e1b8     0x3864 ./Drivers/STM32F4xx_HAL_Driver/stm32f4xx_hal_tim.o
 .debug_line    0x00011a1c     0x1a49 ./Drivers/STM32F4xx_HAL_Driver/stm32f4xx_hal_tim_ex.o
 .debug_line    0x00013465     0x2631 ./Drivers/STM32F4xx_HAL_Driver/stm32f4xx_hal_uart.o

.debug_str      0x00000000    0xe0af1
 .debug_str     0x00000000    0xe0af1 ./Application/User/Core/main.o
                              0xd93ed (size before relaxing)
 .debug_str     0x000e0af1    0xdbed5 ./Application/User/Core/ssd1306.o
 .debug_str     0x000e0af1    0xd85c9 ./Application/User/Core/stm32f4xx_hal_msp.o
 .debug_str     0x000e0af1    0xd7ada ./Application/User/Core/stm32f4xx_it.o
 .debug_str     0x000e0af1       0x8c ./Application/User/Startup/startup_stm32f446retx.o
 .debug_str     0x000e0af1    0xd7849 ./Drivers/CMSIS/system_stm32f4xx.o
 .debug_str     0x000e0af1    0xd840e ./Drivers/STM32F4xx_HAL_Driver/stm32f4xx_hal.o
 .debug_str     0x000e0af1    0xd7e11 ./Drivers/STM32F4xx_HAL_Driver/stm32f4xx_hal_adc.o
 .debug_str     0x000e0af1    0xd8165 ./Drivers/STM32F4xx_HAL_Driver/stm32f4xx_hal_cortex.o
 .debug_str     0x000e0af1    0xd7c3e ./Drivers/STM32F4xx_HAL_Driver/stm32f4xx_hal_dma.o
 .debug_str     0x000e0af1    0xd79c4 ./Drivers/STM32F4xx_HAL_Driver/stm32f4xx_hal_gpio.o
 .debug_str     0x000e0af1    0xd8847 ./Drivers/STM32F4xx_HAL_Driver/stm32f4xx_hal_i2c.o
 .debug_str     0x000e0af1    0xd7c82 ./Drivers/STM32F4xx_HAL_Driver/stm32f4xx_hal_rcc.o
 .debug_str     0x000e0af1    0xd7cb5 ./Drivers/STM32F4xx_HAL_Driver/stm32f4xx_hal_rcc_ex.o
 .debug_str     0x000e0af1    0xd8bae ./Drivers/STM32F4xx_HAL_Driver/stm32f4xx_hal_tim.o
 .debug_str     0x000e0af1    0xd83ba ./Drivers/STM32F4xx_HAL_Driver/stm32f4xx_hal_tim_ex.o
 .debug_str     0x000e0af1    0xd8239 ./Drivers/STM32F4xx_HAL_Driver/stm32f4xx_hal_uart.o

.comment        0x00000000       0x43
 .comment       0x00000000       0x43 ./Application/User/Core/main.o
                                 0x44 (size before relaxing)
 .comment       0x00000043       0x44 ./Application/User/Core/ssd1306.o
 .comment       0x00000043       0x44 ./Application/User/Core/stm32f4xx_hal_msp.o
 .comment       0x00000043       0x44 ./Application/User/Core/stm32f4xx_it.o
 .comment       0x00000043       0x44 ./Drivers/CMSIS/system_stm32f4xx.o
 .comment       0x00000043       0x44 ./Drivers/STM32F4xx_HAL_Driver/stm32f4xx_hal.o
 .comment       0x00000043       0x44 ./Drivers/STM32F4xx_HAL_Driver/stm32f4xx_hal_adc.o
 .comment       0x00000043       0x44 ./Drivers/STM32F4xx_HAL_Driver/stm32f4xx_hal_cortex.o
 .comment       0x00000043       0x44 ./Drivers/STM32F4xx_HAL_Driver/stm32f4xx_hal_dma.o
 .comment       0x00000043       0x44 ./Drivers/STM32F4xx_HAL_Driver/stm32f4xx_hal_gpio.o
 .comment       0x00000043       0x44 ./Drivers/STM32F4xx_HAL_Driver/stm32f4xx_hal_i2c.o
 .comment       0x00000043       0x44 ./Drivers/STM32F4xx_HAL_Driver/stm32f4xx_hal_rcc.o
 .comment       0x00000043       0x44 ./Drivers/STM32F4xx_HAL_Driver/stm32f4xx_hal_rcc_ex.o
 .comment       0x00000043       0x44 ./Drivers/STM32F4xx_HAL_Driver/stm32f4xx_hal_tim.o
 .comment       0x00000043       0x44 ./Drivers/STM32F4xx_HAL_Driver/stm32f4xx_hal_tim_ex.o
 .comment       0x00000043       0x44 ./Drivers/STM32F4xx_HAL_Driver/stm32f4xx_hal_uart.o

.debug_frame    0x00000000     0x46f0
 .debug_frame   0x00000000      0x134 ./Application/User/Core/main.o
 .debug_frame   0x00000134      0x3cc ./Application/User/Core/ssd1306.o
 .debug_frame   0x00000500      0x154 ./Application/User/Core/stm32f4xx_hal_msp.o
 .debug_frame   0x00000654      0x130 ./Application/User/Core/stm32f4xx_it.o
 .debug_frame   0x00000784       0x50 ./Drivers/CMSIS/system_stm32f4xx.o
 .debug_frame   0x000007d4      0x31c ./Drivers/STM32F4xx_HAL_Driver/stm32f4xx_hal.o
 .debug_frame   0x00000af0      0x3bc ./Drivers/STM32F4xx_HAL_Driver/stm32f4xx_hal_adc.o
 .debug_frame   0x00000eac      0x4b8 ./Drivers/STM32F4xx_HAL_Driver/stm32f4xx_hal_cortex.o
 .debug_frame   0x00001364      0x230 ./Drivers/STM32F4xx_HAL_Driver/stm32f4xx_hal_dma.o
 .debug_frame   0x00001594      0x130 ./Drivers/STM32F4xx_HAL_Driver/stm32f4xx_hal_gpio.o
 .debug_frame   0x000016c4      0xbf4 ./Drivers/STM32F4xx_HAL_Driver/stm32f4xx_hal_i2c.o
 .debug_frame   0x000022b8      0x1d8 ./Drivers/STM32F4xx_HAL_Driver/stm32f4xx_hal_rcc.o
 .debug_frame   0x00002490      0x1d8 ./Drivers/STM32F4xx_HAL_Driver/stm32f4xx_hal_rcc_ex.o
 .debug_frame   0x00002668     0x10f0 ./Drivers/STM32F4xx_HAL_Driver/stm32f4xx_hal_tim.o
 .debug_frame   0x00003758      0x600 ./Drivers/STM32F4xx_HAL_Driver/stm32f4xx_hal_tim_ex.o
 .debug_frame   0x00003d58      0x8ec ./Drivers/STM32F4xx_HAL_Driver/stm32f4xx_hal_uart.o
 .debug_frame   0x00004644       0x20 C:/ST/STM32CubeIDE_2.1.1/STM32CubeIDE/plugins/com.st.stm32cube.ide.mcu.externaltools.gnu-tools-for-stm32.14.3.rel1.win32_1.0.100.202602081740/tools/bin/../lib/gcc/arm-none-eabi/14.3.1/../../../../arm-none-eabi/lib/thumb/v7e-m+fp/hard\libc_nano.a(libc_a-memset.o)
 .debug_frame   0x00004664       0x2c C:/ST/STM32CubeIDE_2.1.1/STM32CubeIDE/plugins/com.st.stm32cube.ide.mcu.externaltools.gnu-tools-for-stm32.14.3.rel1.win32_1.0.100.202602081740/tools/bin/../lib/gcc/arm-none-eabi/14.3.1/../../../../arm-none-eabi/lib/thumb/v7e-m+fp/hard\libc_nano.a(libc_a-init.o)
 .debug_frame   0x00004690       0x2c C:/ST/STM32CubeIDE_2.1.1/STM32CubeIDE/plugins/com.st.stm32cube.ide.mcu.externaltools.gnu-tools-for-stm32.14.3.rel1.win32_1.0.100.202602081740/tools/bin/../lib/gcc/arm-none-eabi/14.3.1/thumb/v7e-m+fp/hard\libgcc.a(_aeabi_uldivmod.o)
 .debug_frame   0x000046bc       0x34 C:/ST/STM32CubeIDE_2.1.1/STM32CubeIDE/plugins/com.st.stm32cube.ide.mcu.externaltools.gnu-tools-for-stm32.14.3.rel1.win32_1.0.100.202602081740/tools/bin/../lib/gcc/arm-none-eabi/14.3.1/thumb/v7e-m+fp/hard\libgcc.a(_udivmoddi4.o)

.debug_line_str
                0x00000000       0x70
 .debug_line_str
                0x00000000       0x70 ./Application/User/Startup/startup_stm32f446retx.o
