C:/Users/User/Desktop/pomidorchik/analog/Core/Src/main.c:79:5:main	40	static
C:/Users/User/Desktop/pomidorchik/analog/Core/Src/main.c:170:6:SystemClock_Config	88	static
C:/Users/User/Desktop/pomidorchik/analog/Core/Src/main.c:218:13:MX_ADC1_Init	24	static
C:/Users/User/Desktop/pomidorchik/analog/Core/Src/main.c:270:13:MX_I2C1_Init	8	static
C:/Users/User/Desktop/pomidorchik/analog/Core/Src/main.c:304:13:MX_TIM3_Init	32	static
C:/Users/User/Desktop/pomidorchik/analog/Core/Src/main.c:349:13:MX_USART2_UART_Init	8	static
C:/Users/User/Desktop/pomidorchik/analog/Core/Src/main.c:380:13:MX_DMA_Init	16	static
C:/Users/User/Desktop/pomidorchik/analog/Core/Src/main.c:402:13:MX_GPIO_Init	48	static
C:/Users/User/Desktop/pomidorchik/analog/Core/Src/main.c:444:6:Error_Handler	4	static,ignoring_inline_asm
