C:/Users/User/Desktop/pomidorchik/analog/Core/Src/main.c:79:5:main	5
C:/Users/User/Desktop/pomidorchik/analog/Core/Src/main.c:170:6:SystemClock_Config	3
C:/Users/User/Desktop/pomidorchik/analog/Core/Src/main.c:218:13:MX_ADC1_Init	3
C:/Users/User/Desktop/pomidorchik/analog/Core/Src/main.c:270:13:MX_I2C1_Init	2
C:/Users/User/Desktop/pomidorchik/analog/Core/Src/main.c:304:13:MX_TIM3_Init	4
C:/Users/User/Desktop/pomidorchik/analog/Core/Src/main.c:349:13:MX_USART2_UART_Init	2
C:/Users/User/Desktop/pomidorchik/analog/Core/Src/main.c:380:13:MX_DMA_Init	1
C:/Users/User/Desktop/pomidorchik/analog/Core/Src/main.c:402:13:MX_GPIO_Init	1
C:/Users/User/Desktop/pomidorchik/analog/Core/Src/main.c:444:6:Error_Handler	1
